<html>
<body>
<pre>
<h1>µVision Build Log</h1>
<h2>Tool Versions:</h2>
IDE-Version: £gVision V5.24.2.0
Copyright (C) 2017 ARM Ltd and ARM Germany GmbH. All rights reserved.
License Information: Chiu Microsoft, Microsoft, LIC=----
 
Tool Versions:
Toolchain:       MDK-Lite  Version: 5.24.1
Toolchain Path:  C:\Keil_v5\ARM\ARMCC\Bin
C Compiler:      Armcc.exe V5.06 update 5 (build 528)
Assembler:       Armasm.exe V5.06 update 5 (build 528)
Linker/Locator:  ArmLink.exe V5.06 update 5 (build 528)
Library Manager: ArmAr.exe V5.06 update 5 (build 528)
Hex Converter:   FromElf.exe V5.06 update 5 (build 528)
CPU DLL:         SARMCM3.DLL V5.24.1
Dialog DLL:      DARMCM1.DLL V1.18.0.0
Target DLL:      Nu_Link.dll V2.02
Dialog DLL:      TARMCM1.DLL V1.13.0.0
 
<h2>Project:</h2>
C:\Keil_v5\NUC100_120BSPv3.00.002\SampleCode\StdDriver\TIMER_PeriodicINT\KEIL\TIMER_PeriodicINT.uvproj
Project File Date:  11/05/2018

<h2>Output:</h2>
*** Using Compiler 'V5.06 update 5 (build 528)', folder: 'C:\Keil_v5\ARM\ARMCC\Bin'
Rebuild target 'TIMER_PeriodicINT'
creating preprocessor file for system_NUC100Series.c...
assembling startup_NUC100Series.s...
creating preprocessor file for main.c...
creating preprocessor file for Scankey.c...
compiling system_NUC100Series.c...
creating preprocessor file for retarget.c...
compiling main.c...
..\Scankey.h(8): warning:  #1-D: last line of file ends without a newline
  #endif
..\main.c: 1 warning, 0 errors
compiling Scankey.c...
..\..\GPIO_OutputInput\Scankey.h(8): warning:  #1-D: last line of file ends without a newline
  #endif
..\..\GPIO_OutputInput\Scankey.c(35): warning:  #1-D: last line of file ends without a newline
  }
..\..\GPIO_OutputInput\Scankey.c: 2 warnings, 0 errors
creating preprocessor file for sys.c...
creating preprocessor file for clk.c...
compiling retarget.c...
creating preprocessor file for uart.c...
compiling sys.c...
creating preprocessor file for timer.c...
compiling clk.c...
creating preprocessor file for gpio.c...
compiling uart.c...
compiling timer.c...
compiling gpio.c...
linking...
Program Size: Code=4620 RO-data=552 RW-data=48 ZI-data=1040  
After Build - User command #1: fromelf --bin ".\obj\TIMER_PeriodicINT.axf" --output ".\obj\TIMER_PeriodicINT.bin"
After Build - User command #2: fromelf --text -c ".\obj\TIMER_PeriodicINT.axf" --output ".\obj\TIMER_PeriodicINT.txt"
".\obj\TIMER_PeriodicINT.axf" - 0 Error(s), 3 Warning(s).
Build Time Elapsed:  00:00:02
</pre>
</body>
</html>
