<html>
<body>
<pre>
<h1>µVision Build Log</h1>
<h2>Tool Versions:</h2>
IDE-Version: £gVision V5.24.2.0
Copyright (C) 2017 ARM Ltd and ARM Germany GmbH. All rights reserved.
License Information: Chiu Microsoft, Microsoft, LIC=----
 
Tool Versions:
Toolchain:       MDK-Lite  Version: 5.24.1
Toolchain Path:  C:\Keil_v5\ARM\ARMCC\Bin
C Compiler:      Armcc.exe V5.06 update 5 (build 528)
Assembler:       Armasm.exe V5.06 update 5 (build 528)
Linker/Locator:  ArmLink.exe V5.06 update 5 (build 528)
Library Manager: ArmAr.exe V5.06 update 5 (build 528)
Hex Converter:   FromElf.exe V5.06 update 5 (build 528)
CPU DLL:         SARMCM3.DLL V5.24.1
Dialog DLL:      DARMCM1.DLL V1.18.0.0
Target DLL:      Nu_Link.dll V2.02
Dialog DLL:      TARMCM1.DLL V1.13.0.0
 
<h2>Project:</h2>
C:\Keil_v5\NUC100_120BSPv3.00.002\SampleCode\StdDriver\UART_TxRx_Function\KEIL\UART_TxRx_Function.uvproj
Project File Date:  10/10/2018

<h2>Output:</h2>
*** Using Compiler 'V5.06 update 5 (build 528)', folder: 'C:\Keil_v5\ARM\ARMCC\Bin'
Rebuild target 'UART_TxRx_Function'
creating preprocessor file for system_NUC100Series.c...
assembling startup_NUC100Series.s...
creating preprocessor file for main.c...
creating preprocessor file for clk.c...
compiling system_NUC100Series.c...
compiling main.c...
creating preprocessor file for retarget.c...
creating preprocessor file for sys.c...
compiling clk.c...
creating preprocessor file for uart.c...
compiling retarget.c...
compiling sys.c...
creating preprocessor file for gpio.c...
compiling uart.c...
compiling gpio.c...
linking...
Program Size: Code=3804 RO-data=328 RW-data=56 ZI-data=2048  
After Build - User command #1: fromelf --bin ".\obj\UART_TxRx_Function.axf" --output ".\obj\UART_TxRx_Function.bin"
After Build - User command #2: fromelf --text -c ".\obj\UART_TxRx_Function.axf" --output ".\obj\UART_TxRx_Function.txt"
".\obj\UART_TxRx_Function.axf" - 0 Error(s), 0 Warning(s).
Build Time Elapsed:  00:00:02
</pre>
</body>
</html>
