<html>
<body>
<pre>
<h1>µVision Build Log</h1>
<h2>Tool Versions:</h2>
IDE-Version: £gVision V5.24.2.0
Copyright (C) 2017 ARM Ltd and ARM Germany GmbH. All rights reserved.
License Information: Chiu Microsoft, Microsoft, LIC=----
 
Tool Versions:
Toolchain:       MDK-Lite  Version: 5.24.1
Toolchain Path:  C:\Keil_v5\ARM\ARMCC\Bin
C Compiler:      Armcc.exe V5.06 update 5 (build 528)
Assembler:       Armasm.exe V5.06 update 5 (build 528)
Linker/Locator:  ArmLink.exe V5.06 update 5 (build 528)
Library Manager: ArmAr.exe V5.06 update 5 (build 528)
Hex Converter:   FromElf.exe V5.06 update 5 (build 528)
CPU DLL:         SARMCM3.DLL V5.24.1
Dialog DLL:      DARMCM1.DLL V1.18.0.0
Target DLL:      Nu_Link.dll V2.02
Dialog DLL:      TARMCM1.DLL V1.13.0.0
 
<h2>Project:</h2>
C:\Keil_v5\NUC100_120BSPv3.00.002\SampleCode\StdDriver\GPIO_OutputInput\KEIL\GPIO_OutputInput.uvproj
Project File Date:  10/01/2018

<h2>Output:</h2>
*** Using Compiler 'V5.06 update 5 (build 528)', folder: 'C:\Keil_v5\ARM\ARMCC\Bin'
Rebuild target 'GPIO_OutputInput'
creating preprocessor file for system_NUC100Series.c...
assembling startup_NUC100Series.s...
creating preprocessor file for main.c...
creating preprocessor file for Scankey.c...
compiling main.c...
..\Scankey.h(8): warning:  #1-D: last line of file ends without a newline
  #endif
..\Seven_Segment.h(7): warning:  #1-D: last line of file ends without a newline
  #endif
..\main.c(76): warning:  #177-D: variable "i32Err"  was declared but never referenced
      int32_t i32Err;
..\main.c: 3 warnings, 0 errors
compiling system_NUC100Series.c...
compiling Scankey.c...
..\Scankey.h(8): warning:  #1-D: last line of file ends without a newline
  #endif
..\Scankey.c(35): warning:  #1-D: last line of file ends without a newline
  }
..\Scankey.c: 2 warnings, 0 errors
creating preprocessor file for Seven_Segment.c...
creating preprocessor file for retarget.c...
compiling Seven_Segment.c...
..\Seven_Segment.h(7): warning:  #1-D: last line of file ends without a newline
  #endif
..\Seven_Segment.c(97): warning:  #1-D: last line of file ends without a newline
  }
..\Seven_Segment.c: 2 warnings, 0 errors
creating preprocessor file for gpio.c...
creating preprocessor file for uart.c...
compiling retarget.c...
compiling gpio.c...
compiling uart.c...
creating preprocessor file for clk.c...
creating preprocessor file for sys.c...
compiling clk.c...
compiling sys.c...
linking...
Program Size: Code=3664 RO-data=328 RW-data=64 ZI-data=1024  
After Build - User command #1: fromelf --bin ".\obj\GPIO_OutputInput.axf" --output ".\obj\GPIO_OutputInput.bin"
After Build - User command #2: fromelf --text -c ".\obj\GPIO_OutputInput.axf" --output ".\obj\GPIO_OutputInput.txt"
".\obj\GPIO_OutputInput.axf" - 0 Error(s), 7 Warning(s).
Build Time Elapsed:  00:00:06
</pre>
</body>
</html>
